state_test_1
state_test_2
state_test_3
state_test_5
state_test_10